namespace NServiceBus.Serverless
{
    public abstract class ServerlessEndpoint<TExecutionContext>
    {
        protected ServerlessEndpoint(System.Func<TExecutionContext, NServiceBus.Serverless.ServerlessEndpointConfiguration> configurationFactory) { }
        public System.Threading.Tasks.Task Process(NServiceBus.Transport.MessageContext message, TExecutionContext executionContext) { }
        public System.Threading.Tasks.Task ProcessFailedMessage(NServiceBus.Transport.MessageContext messageContext, System.Runtime.ExceptionServices.ExceptionDispatchInfo exceptionInfo, int immediateProcessingAttempts, TExecutionContext executionContext) { }
    }
    public abstract class ServerlessEndpointConfiguration
    {
        protected ServerlessEndpointConfiguration(string endpointName) { }
        public NServiceBus.EndpointConfiguration AdvancedConfiguration { get; }
        public void DoNotSendMessagesToErrorQueue() { }
        public NServiceBus.Serialization.SerializationExtensions<T> UseSerialization<T>()
            where T : NServiceBus.Serialization.SerializationDefinition, new () { }
        protected NServiceBus.TransportExtensions<TTransport> UseTransport<TTransport>()
            where TTransport : NServiceBus.Transport.TransportDefinition, new () { }
    }
}